[2026-05-14 18:49:17] [ERROR] [31mFailed to connect to database. Exiting.[0m
[2026-05-14 18:51:49] [ERROR] [31mFailed to connect to database. Exiting.[0m
[2026-05-14 18:54:07] [ERROR] [31mFailed to connect to database. Exiting.[0m
[2026-05-14 19:02:07] [ERROR] [31mFailed to connect to database. Exiting.[0m
[2026-05-14 19:08:06] [ERROR] [31mFailed to connect to database. Exiting.[0m
[2026-05-14 19:15:44] [INFO] [32mStarting Discord Bot v1.0.0[0m
[2026-05-14 19:15:44] [INFO] [32mEnvironment: development[0m
[2026-05-14 19:15:44] [INFO] [32mPrefix: ![0m
[2026-05-14 19:15:46] [ERROR] [31mFailed to connect to database. Exiting.[0m
[2026-05-14 19:18:43] [INFO] [32mStarting Discord Bot v1.0.0[0m
[2026-05-14 19:18:43] [INFO] [32mEnvironment: development[0m
[2026-05-14 19:18:43] [INFO] [32mPrefix: ![0m
[2026-05-14 19:18:44] [ERROR] [31mFailed to connect to database. Exiting.[0m
[2026-05-14 19:19:38] [INFO] [32mStarting Discord Bot v1.0.0[0m
[2026-05-14 19:19:38] [INFO] [32mEnvironment: development[0m
[2026-05-14 19:19:38] [INFO] [32mPrefix: ![0m
[2026-05-14 19:19:39] [ERROR] [31mFailed to connect to database. Exiting.[0m
[2026-05-14 19:21:50] [INFO] [32mStarting Discord Bot v1.0.0[0m
[2026-05-14 19:21:50] [INFO] [32mEnvironment: development[0m
[2026-05-14 19:21:50] [INFO] [32mPrefix: ![0m
[2026-05-14 19:21:51] [ERROR] [31mFailed to connect to database. Exiting.[0m
[2026-05-14 19:35:14] [INFO] [32mStarting Discord Bot v1.0.0[0m
[2026-05-14 19:35:14] [INFO] [32mEnvironment: development[0m
[2026-05-14 19:35:14] [INFO] [32mPrefix: ![0m
[2026-05-14 19:35:16] [INFO] [32mSetting up bot...[0m
[2026-05-14 19:35:16] [ERROR] [31mFailed to connect to MongoDB: module 'motor.motor_asyncio' has no attribute 'AsyncClient'[0m
[2026-05-14 19:35:16] [ERROR] [31mFailed to connect to database. Exiting.[0m
[2026-05-14 19:35:16] [INFO] [32mClosing bot...[0m
[2026-05-14 19:35:16] [INFO] [32mClosing bot...[0m
[2026-05-14 19:39:44] [INFO] [32mStarting Discord Bot v1.0.0[0m
[2026-05-14 19:39:44] [INFO] [32mEnvironment: development[0m
[2026-05-14 19:39:44] [INFO] [32mPrefix: ![0m
[2026-05-14 19:39:45] [INFO] [32mSetting up bot...[0m
[2026-05-14 19:39:45] [ERROR] [31mFailed to connect to MongoDB: module 'motor.motor_asyncio' has no attribute 'AsyncClient'[0m
[2026-05-14 19:39:45] [ERROR] [31mFailed to connect to database. Exiting.[0m
[2026-05-14 19:39:45] [INFO] [32mClosing bot...[0m
[2026-05-14 19:39:45] [INFO] [32mClosing bot...[0m
[2026-05-14 19:52:59] [INFO] [32mStarting Discord Bot v1.0.0[0m
[2026-05-14 19:52:59] [INFO] [32mEnvironment: development[0m
[2026-05-14 19:52:59] [INFO] [32mPrefix: ![0m
[2026-05-14 19:53:00] [INFO] [32mSetting up bot...[0m
[2026-05-14 19:53:00] [ERROR] [31mFailed to connect to MongoDB: module 'motor.motor_asyncio' has no attribute 'AsyncClient'[0m
[2026-05-14 19:53:00] [ERROR] [31mFailed to connect to database. Exiting.[0m
[2026-05-14 19:53:00] [INFO] [32mClosing bot...[0m
[2026-05-14 19:53:00] [INFO] [32mClosing bot...[0m
[2026-05-14 19:56:11] [INFO] [32mStarting Discord Bot v1.0.0[0m
[2026-05-14 19:56:11] [INFO] [32mEnvironment: development[0m
[2026-05-14 19:56:11] [INFO] [32mPrefix: ![0m
[2026-05-14 19:56:12] [INFO] [32mSetting up bot...[0m
[2026-05-14 19:56:12] [ERROR] [31mFailed to connect to MongoDB: module 'motor.motor_asyncio' has no attribute 'AsyncClient'[0m
[2026-05-14 19:56:12] [ERROR] [31mFailed to connect to database. Exiting.[0m
[2026-05-14 19:56:12] [INFO] [32mClosing bot...[0m
[2026-05-14 19:56:12] [INFO] [32mClosing bot...[0m
[2026-05-14 20:29:47] [INFO] [32mStarting Discord Bot v1.0.0[0m
[2026-05-14 20:29:47] [INFO] [32mEnvironment: development[0m
[2026-05-14 20:29:47] [INFO] [32mPrefix: ![0m
[2026-05-14 20:29:49] [INFO] [32mSetting up bot...[0m
[2026-05-14 20:29:49] [ERROR] [31mFailed to connect to MongoDB: name 'AsyncClient' is not defined[0m
[2026-05-14 20:29:49] [ERROR] [31mFailed to connect to database. Exiting.[0m
[2026-05-14 20:29:49] [INFO] [32mClosing bot...[0m
[2026-05-14 20:29:49] [INFO] [32mClosing bot...[0m
[2026-05-14 20:38:55] [INFO] [32mStarting Discord Bot v1.0.0[0m
[2026-05-14 20:38:55] [INFO] [32mEnvironment: development[0m
[2026-05-14 20:38:55] [INFO] [32mPrefix: ![0m
[2026-05-14 20:38:56] [INFO] [32mSetting up bot...[0m
[2026-05-14 20:38:56] [DEBUG] [36mDatabase tables created[0m
[2026-05-14 20:38:56] [INFO] [32mConnected to SQLite database[0m
[2026-05-14 20:38:56] [ERROR] [31mFatal error: cannot import name 'create_rarity_embed' from 'core' (C:\Users\ryu\FOR NOTHING\core\__init__.py)[0m
[2026-05-14 20:38:56] [INFO] [32mClosing bot...[0m
[2026-05-14 20:38:56] [INFO] [32mDatabase connection closed[0m
[2026-05-14 20:39:27] [INFO] [32mStarting Discord Bot v1.0.0[0m
[2026-05-14 20:39:27] [INFO] [32mEnvironment: development[0m
[2026-05-14 20:39:27] [INFO] [32mPrefix: ![0m
[2026-05-14 20:39:29] [INFO] [32mSetting up bot...[0m
[2026-05-14 20:39:29] [DEBUG] [36mDatabase tables created[0m
[2026-05-14 20:39:29] [INFO] [32mConnected to SQLite database[0m
[2026-05-14 20:39:29] [ERROR] [31mFatal error: cannot import name 'create_rarity_embed' from 'core' (C:\Users\ryu\FOR NOTHING\core\__init__.py)[0m
[2026-05-14 20:39:29] [INFO] [32mClosing bot...[0m
[2026-05-14 20:39:29] [INFO] [32mDatabase connection closed[0m
[2026-05-14 20:42:52] [INFO] [32mStarting Discord Bot v1.0.0[0m
[2026-05-14 20:42:52] [INFO] [32mEnvironment: development[0m
[2026-05-14 20:42:52] [INFO] [32mPrefix: ![0m
[2026-05-14 20:42:53] [INFO] [32mSetting up bot...[0m
[2026-05-14 20:42:53] [DEBUG] [36mDatabase tables created[0m
[2026-05-14 20:42:53] [INFO] [32mConnected to SQLite database[0m
[2026-05-14 20:42:53] [ERROR] [31mFatal error: cannot import name 'create_rarity_embed' from 'core' (C:\Users\ryu\FOR NOTHING\core\__init__.py)[0m
[2026-05-14 20:42:53] [INFO] [32mClosing bot...[0m
[2026-05-14 20:42:53] [INFO] [32mDatabase connection closed[0m
[2026-05-14 20:52:58] [INFO] [32mStarting Discord Bot v1.0.0[0m
[2026-05-14 20:52:58] [INFO] [32mEnvironment: development[0m
[2026-05-14 20:52:58] [INFO] [32mPrefix: ![0m
[2026-05-14 20:52:59] [INFO] [32mSetting up bot...[0m
[2026-05-14 20:52:59] [DEBUG] [36mDatabase tables created[0m
[2026-05-14 20:52:59] [INFO] [32mConnected to SQLite database[0m
[2026-05-14 20:52:59] [INFO] [32mLoaded cog: Events[0m
[2026-05-14 20:52:59] [INFO] [32mLoaded cog: Utility[0m
[2026-05-14 20:52:59] [INFO] [32mLoaded cog: Fun[0m
[2026-05-14 20:52:59] [INFO] [32mLoaded cog: Economy[0m
[2026-05-14 20:52:59] [INFO] [32mLoaded cog: Drops[0m
[2026-05-14 20:52:59] [INFO] [32mLoaded cog: Cards[0m
[2026-05-14 20:52:59] [INFO] [32mSynced 6 slash command(s)[0m
[2026-05-14 20:53:03] [INFO] [32mBot is ready! Logged in as BlueMoon#5386[0m
[2026-05-14 20:53:03] [INFO] [32mServing 1 guilds[0m
[2026-05-14 20:54:07] [DEBUG] [36mSlash help used by ldryu[0m
[2026-05-14 20:54:37] [ERROR] [31mError saving card: Object of type datetime is not JSON serializable[0m
[2026-05-14 20:54:37] [ERROR] [31mUnhandled error in command drop: Command raised an exception: AttributeError: type object 'Colour' has no attribute 'gray'[0m
[2026-05-14 20:54:57] [DEBUG] [36mSlash profile used by ldryu[0m
[2026-05-14 20:56:44] [DEBUG] [36mPing command used by ldryu[0m
[2026-05-14 20:58:06] [INFO] [32mldryu claimed daily reward[0m
[2026-05-14 20:58:32] [DEBUG] [36mStats command used by ldryu[0m
[2026-05-14 20:59:10] [DEBUG] [36mAbout command used by ldryu[0m
[2026-05-14 21:00:19] [DEBUG] [36mHelp command used by ldryu[0m
[2026-05-14 21:00:37] [ERROR] [31mUnhandled error in command userinfo: Command raised an exception: AttributeError: 'User' object has no attribute 'verified'[0m
[2026-05-14 21:01:09] [ERROR] [31mUnhandled error in command userinfo: Command raised an exception: AttributeError: 'Member' object has no attribute 'verified'[0m
[2026-05-14 21:10:40] [INFO] [32mStarting Discord Bot v1.0.0[0m
[2026-05-14 21:10:40] [INFO] [32mEnvironment: development[0m
[2026-05-14 21:10:40] [INFO] [32mPrefix: ![0m
[2026-05-14 21:10:42] [INFO] [32mSetting up bot...[0m
[2026-05-14 21:10:42] [DEBUG] [36mDatabase tables created[0m
[2026-05-14 21:10:42] [INFO] [32mConnected to SQLite database[0m
[2026-05-14 21:10:42] [INFO] [32mLoaded cog: Events[0m
[2026-05-14 21:10:42] [INFO] [32mLoaded cog: Utility[0m
[2026-05-14 21:10:42] [INFO] [32mLoaded cog: Fun[0m
[2026-05-14 21:10:42] [INFO] [32mLoaded cog: Economy[0m
[2026-05-14 21:10:42] [INFO] [32mLoaded cog: Drops[0m
[2026-05-14 21:10:42] [INFO] [32mLoaded cog: Cards[0m
[2026-05-14 21:10:42] [INFO] [32mSynced 6 slash command(s)[0m
[2026-05-14 21:10:46] [INFO] [32mBot is ready! Logged in as BlueMoon#5386[0m
[2026-05-14 21:10:46] [INFO] [32mServing 1 guilds[0m
[2026-05-14 21:11:06] [ERROR] [31mError saving card: Object of type datetime is not JSON serializable[0m
[2026-05-14 21:11:06] [ERROR] [31mUnhandled error in command drop: Command raised an exception: AttributeError: type object 'Colour' has no attribute 'gray'[0m
[2026-05-14 21:21:29] [INFO] [32mStarting Discord Bot v1.0.0[0m
[2026-05-14 21:21:29] [INFO] [32mEnvironment: development[0m
[2026-05-14 21:21:29] [INFO] [32mPrefix: ![0m
[2026-05-14 21:21:30] [INFO] [32mSetting up bot...[0m
[2026-05-14 21:21:30] [DEBUG] [36mDatabase tables created[0m
[2026-05-14 21:21:30] [INFO] [32mConnected to SQLite database[0m
[2026-05-14 21:21:30] [INFO] [32mLoaded cog: Events[0m
[2026-05-14 21:21:30] [INFO] [32mLoaded cog: Utility[0m
[2026-05-14 21:21:30] [INFO] [32mLoaded cog: Fun[0m
[2026-05-14 21:21:30] [INFO] [32mLoaded cog: Economy[0m
[2026-05-14 21:21:30] [INFO] [32mLoaded cog: Drops[0m
[2026-05-14 21:21:30] [INFO] [32mLoaded cog: Cards[0m
[2026-05-14 21:21:31] [INFO] [32mSynced 6 slash command(s)[0m
[2026-05-14 21:21:34] [INFO] [32mBot is ready! Logged in as BlueMoon#5386[0m
[2026-05-14 21:21:34] [INFO] [32mServing 1 guilds[0m
[2026-05-14 21:21:52] [ERROR] [31mError saving card: Object of type datetime is not JSON serializable[0m
[2026-05-14 21:21:53] [INFO] [32mDrop triggered in Blue Moon: Rem (common)[0m
[2026-05-14 21:23:56] [DEBUG] [36mDrop claim view timed out[0m
[2026-05-14 21:32:38] [INFO] [32mStarting Discord Bot v1.0.0[0m
[2026-05-14 21:32:38] [INFO] [32mEnvironment: development[0m
[2026-05-14 21:32:38] [INFO] [32mPrefix: ![0m
[2026-05-14 21:32:40] [INFO] [32mSetting up bot...[0m
[2026-05-14 21:32:40] [DEBUG] [36mDatabase tables created[0m
[2026-05-14 21:32:40] [INFO] [32mConnected to SQLite database[0m
[2026-05-14 21:32:40] [INFO] [32mLoaded cog: Events[0m
[2026-05-14 21:32:40] [INFO] [32mLoaded cog: Utility[0m
[2026-05-14 21:32:40] [INFO] [32mLoaded cog: Fun[0m
[2026-05-14 21:32:40] [INFO] [32mLoaded cog: Economy[0m
[2026-05-14 21:32:40] [INFO] [32mLoaded cog: Drops[0m
[2026-05-14 21:32:40] [INFO] [32mLoaded cog: Cards[0m
[2026-05-14 21:32:40] [INFO] [32mSynced 6 slash command(s)[0m
[2026-05-14 21:32:44] [INFO] [32mBot is ready! Logged in as BlueMoon#5386[0m
[2026-05-14 21:32:44] [INFO] [32mServing 1 guilds[0m
[2026-05-14 21:33:08] [INFO] [32mDrop triggered in Blue Moon: Kirito (common)[0m
[2026-05-14 21:34:09] [DEBUG] [36mHelp command used by ldryu[0m
[2026-05-14 21:34:15] [DEBUG] [36mPing command used by ldryu[0m
[2026-05-14 21:34:28] [DEBUG] [36mUptime command used by ldryu[0m
[2026-05-14 21:35:21] [DEBUG] [36mDrop claim view timed out[0m
[2026-05-14 21:36:05] [INFO] [32mStarting Discord Bot v1.0.0[0m
[2026-05-14 21:36:05] [INFO] [32mEnvironment: development[0m
[2026-05-14 21:36:05] [INFO] [32mPrefix: ![0m
[2026-05-14 21:36:06] [INFO] [32mSetting up bot...[0m
[2026-05-14 21:36:06] [DEBUG] [36mDatabase tables created[0m
[2026-05-14 21:36:06] [INFO] [32mConnected to SQLite database[0m
[2026-05-14 21:36:06] [INFO] [32mLoaded cog: Events[0m
[2026-05-14 21:36:06] [INFO] [32mLoaded cog: Utility[0m
[2026-05-14 21:36:06] [INFO] [32mLoaded cog: Fun[0m
[2026-05-14 21:36:06] [INFO] [32mLoaded cog: Economy[0m
[2026-05-14 21:36:06] [INFO] [32mLoaded cog: Drops[0m
[2026-05-14 21:36:06] [INFO] [32mLoaded cog: Cards[0m
[2026-05-14 21:36:07] [INFO] [32mSynced 6 slash command(s)[0m
[2026-05-14 21:36:10] [INFO] [32mBot is ready! Logged in as BlueMoon#5386[0m
[2026-05-14 21:36:10] [INFO] [32mServing 1 guilds[0m
[2026-05-14 21:36:33] [INFO] [32mDrop triggered in Blue Moon: Faye (rare)[0m
[2026-05-14 21:38:37] [DEBUG] [36mDrop claim view timed out[0m
[2026-05-14 21:39:03] [INFO] [32mStarting Discord Bot v1.0.0[0m
[2026-05-14 21:39:03] [INFO] [32mEnvironment: development[0m
[2026-05-14 21:39:03] [INFO] [32mPrefix: ![0m
[2026-05-14 21:39:04] [INFO] [32mSetting up bot...[0m
[2026-05-14 21:39:04] [DEBUG] [36mDatabase tables created[0m
[2026-05-14 21:39:04] [INFO] [32mConnected to SQLite database[0m
[2026-05-14 21:39:04] [INFO] [32mLoaded cog: Events[0m
[2026-05-14 21:39:04] [INFO] [32mLoaded cog: Utility[0m
[2026-05-14 21:39:04] [INFO] [32mLoaded cog: Fun[0m
[2026-05-14 21:39:04] [INFO] [32mLoaded cog: Economy[0m
[2026-05-14 21:39:04] [INFO] [32mLoaded cog: Drops[0m
[2026-05-14 21:39:04] [INFO] [32mLoaded cog: Cards[0m
[2026-05-14 21:39:04] [INFO] [32mSynced 6 slash command(s)[0m
[2026-05-14 21:39:08] [INFO] [32mDrop triggered in Blue Moon: Kirito (common)[0m
[2026-05-14 21:39:08] [INFO] [32mBot is ready! Logged in as BlueMoon#5386[0m
[2026-05-14 21:39:08] [INFO] [32mServing 1 guilds[0m
[2026-05-14 21:41:48] [INFO] [32mStarting Discord Bot v1.0.0[0m
[2026-05-14 21:41:48] [INFO] [32mEnvironment: development[0m
[2026-05-14 21:41:48] [INFO] [32mPrefix: b[0m
[2026-05-14 21:41:49] [INFO] [32mSetting up bot...[0m
[2026-05-14 21:41:49] [DEBUG] [36mDatabase tables created[0m
[2026-05-14 21:41:49] [INFO] [32mConnected to SQLite database[0m
[2026-05-14 21:41:50] [INFO] [32mLoaded cog: Events[0m
[2026-05-14 21:41:50] [INFO] [32mLoaded cog: Utility[0m
[2026-05-14 21:41:50] [INFO] [32mLoaded cog: Fun[0m
[2026-05-14 21:41:50] [INFO] [32mLoaded cog: Economy[0m
[2026-05-14 21:41:50] [INFO] [32mLoaded cog: Drops[0m
[2026-05-14 21:41:50] [INFO] [32mLoaded cog: Cards[0m
[2026-05-14 21:41:50] [INFO] [32mSynced 6 slash command(s)[0m
[2026-05-14 21:41:53] [INFO] [32mBot is ready! Logged in as BlueMoon#5386[0m
[2026-05-14 21:41:53] [INFO] [32mServing 1 guilds[0m
[2026-05-14 21:42:46] [INFO] [32mDrop triggered in Blue Moon: Jet (rare)[0m
[2026-05-14 21:42:59] [DEBUG] [36mDrop claim view timed out[0m
[2026-05-14 21:43:06] [DEBUG] [36mHelp command used by ldryu[0m
[2026-05-14 21:44:13] [INFO] [32mStarting Discord Bot v1.0.0[0m
[2026-05-14 21:44:13] [INFO] [32mEnvironment: development[0m
[2026-05-14 21:44:13] [INFO] [32mPrefix: b![0m
[2026-05-14 21:44:14] [INFO] [32mSetting up bot...[0m
[2026-05-14 21:44:14] [DEBUG] [36mDatabase tables created[0m
[2026-05-14 21:44:14] [INFO] [32mConnected to SQLite database[0m
[2026-05-14 21:44:14] [INFO] [32mLoaded cog: Events[0m
[2026-05-14 21:44:14] [INFO] [32mLoaded cog: Utility[0m
[2026-05-14 21:44:14] [INFO] [32mLoaded cog: Fun[0m
[2026-05-14 21:44:14] [INFO] [32mLoaded cog: Economy[0m
[2026-05-14 21:44:14] [INFO] [32mLoaded cog: Drops[0m
[2026-05-14 21:44:14] [INFO] [32mLoaded cog: Cards[0m
[2026-05-14 21:44:14] [INFO] [32mSynced 6 slash command(s)[0m
[2026-05-14 21:44:18] [INFO] [32mBot is ready! Logged in as BlueMoon#5386[0m
[2026-05-14 21:44:18] [INFO] [32mServing 1 guilds[0m
[2026-05-14 21:44:39] [INFO] [32mDrop triggered in Blue Moon: Emilia (common)[0m
[2026-05-14 21:44:52] [DEBUG] [36mHelp command used by ldryu[0m
[2026-05-14 21:44:54] [DEBUG] [36mDrop claim view timed out[0m
